This file contains any messages produced by compilers while
running configure, to aid debugging if configure makes a mistake.

It was created by FreeType configure 2.14.1, which was
generated by GNU Autoconf 2.72.  Invocation command line was

  $ ./configure --prefix=/usr --host=arm-linux --with-zlib=yes --enable-static --disable-shared

## --------- ##
## Platform. ##
## --------- ##

hostname = miku-machine
uname -m = x86_64
uname -r = 5.4.0-216-generic
uname -s = Linux
uname -v = #236-Ubuntu SMP Fri Apr 11 19:53:21 UTC 2025

/usr/bin/uname -p = x86_64
/bin/uname -X     = unknown

/bin/arch              = x86_64
/usr/bin/arch -k       = unknown
/usr/convex/getsysinfo = unknown
/usr/bin/hostinfo      = unknown
/bin/machine           = unknown
/usr/bin/oslevel       = unknown
/bin/universe          = unknown

PATH: /home/miku/rv_build/luckfox_toolchain/tools/linux/toolchain/arm-rockchip830-linux-uclibcgnueabihf/bin/
PATH: /home/miku/luckfox-pico/sysdrv/source/kernel/drivers/block/zram/bin/
PATH: /home/miku/luckfox-pico/tools/linux/toolchain/arm-rockchip830-linux-uclibcgnueabihf/bin/
PATH: /home/miku/.vscode-server/cli/servers/Stable-d78a74bcdfad14d5d3b1b782f87255d802b57511/server/bin/remote-cli/
PATH: /home/miku/luckfox-pico/sysdrv/source/kernel/drivers/block/zram/bin/
PATH: /home/miku/luckfox-pico/tools/linux/toolchain/arm-rockchip830-linux-uclibcgnueabihf/bin/
PATH: /home/miku/luckfox-pico/sysdrv/source/kernel/drivers/block/zram/bin/
PATH: /home/miku/luckfox-pico/tools/linux/toolchain/arm-rockchip830-linux-uclibcgnueabihf/bin/
PATH: /usr/local/sbin/
PATH: /usr/local/bin/
PATH: /usr/sbin/
PATH: /usr/bin/
PATH: /sbin/
PATH: /bin/
PATH: /usr/games/
PATH: /usr/local/games/
PATH: /snap/bin/


## ----------- ##
## Core tests. ##
## ----------- ##

configure:2601: looking for aux files: install-sh ltmain.sh config.guess config.sub
configure:2614:  trying ./
configure:2625:   ./install-sh found
configure:2643:   ./ltmain.sh found
configure:2643:   ./config.guess found
configure:2643:   ./config.sub found
configure:2775: checking build system type
configure:2791: result: x86_64-pc-linux-uclibc
configure:2811: checking host system type
configure:2826: result: arm-unknown-linux-gnu
configure:2867: checking for arm-linux-gcc
configure:2900: result: arm-rockchip830-linux-uclibcgnueabihf-gcc
configure:3305: checking for C compiler version
configure:3314: arm-rockchip830-linux-uclibcgnueabihf-gcc --version >&5
arm-rockchip830-linux-uclibcgnueabihf-gcc (crosstool-NG 1.24.0) 8.3.0
Copyright (C) 2018 Free Software Foundation, Inc.
This is free software; see the source for copying conditions.  There is NO
warranty; not even for MERCHANTABILITY or FITNESS FOR A PARTICULAR PURPOSE.

configure:3325: $? = 0
configure:3314: arm-rockchip830-linux-uclibcgnueabihf-gcc -v >&5
Using built-in specs.
COLLECT_GCC=arm-rockchip830-linux-uclibcgnueabihf-gcc
COLLECT_LTO_WRAPPER=/home/miku/rv_build/luckfox_toolchain/tools/linux/toolchain/arm-rockchip830-linux-uclibcgnueabihf/bin/../libexec/gcc/arm-rockchip830-linux-uclibcgnueabihf/8.3.0/lto-wrapper
Target: arm-rockchip830-linux-uclibcgnueabihf
Configured with: /opt/.build/arm-rockchip830-linux-uclibcgnueabihf/src/gcc/configure --build=x86_64-build_pc-linux-gnu --host=x86_64-build_pc-linux-gnu --target=arm-rockchip830-linux-uclibcgnueabihf --prefix=/opt/x-tool/arm-rockchip830-linux-uclibcgnueabihf --with-sysroot=/opt/x-tool/arm-rockchip830-linux-uclibcgnueabihf/arm-rockchip830-linux-uclibcgnueabihf/sysroot --enable-languages=c,c++ --with-arch=armv7-a --with-fpu=neon-vfpv4 --with-float=hard --with-pkgversion='crosstool-NG 1.24.0' --enable-__cxa_atexit --disable-libmudflap --disable-libgomp --disable-libssp --disable-libquadmath --disable-libquadmath-support --disable-libsanitizer --disable-libmpx --with-gmp=/opt/.build/arm-rockchip830-linux-uclibcgnueabihf/buildtools --with-mpfr=/opt/.build/arm-rockchip830-linux-uclibcgnueabihf/buildtools --with-mpc=/opt/.build/arm-rockchip830-linux-uclibcgnueabihf/buildtools --with-isl=/opt/.build/arm-rockchip830-linux-uclibcgnueabihf/buildtools --enable-lto --with-host-libstdcxx='-static-libgcc -Wl,-Bstatic,-lstdc++,-Bdynamic -lm' --enable-threads=posix --enable-target-optspace --enable-plugin --enable-gold --disable-nls --disable-multilib --with-local-prefix=/opt/x-tool/arm-rockchip830-linux-uclibcgnueabihf/arm-rockchip830-linux-uclibcgnueabihf/sysroot --enable-long-long
Thread model: posix
gcc version 8.3.0 (crosstool-NG 1.24.0) 
configure:3325: $? = 0
configure:3314: arm-rockchip830-linux-uclibcgnueabihf-gcc -V >&5
arm-rockchip830-linux-uclibcgnueabihf-gcc: error: unrecognized command line option '-V'
arm-rockchip830-linux-uclibcgnueabihf-gcc: fatal error: no input files
compilation terminated.
configure:3325: $? = 1
configure:3314: arm-rockchip830-linux-uclibcgnueabihf-gcc -qversion >&5
arm-rockchip830-linux-uclibcgnueabihf-gcc: error: unrecognized command line option '-qversion'; did you mean '--version'?
arm-rockchip830-linux-uclibcgnueabihf-gcc: fatal error: no input files
compilation terminated.
configure:3325: $? = 1
configure:3314: arm-rockchip830-linux-uclibcgnueabihf-gcc -version >&5
arm-rockchip830-linux-uclibcgnueabihf-gcc: error: unrecognized command line option '-version'
arm-rockchip830-linux-uclibcgnueabihf-gcc: fatal error: no input files
compilation terminated.
configure:3325: $? = 1
configure:3345: checking whether the C compiler works
configure:3367: arm-rockchip830-linux-uclibcgnueabihf-gcc  -I/home/miku/rv_build/staging/usr/include -L/home/miku/rv_build/staging/usr/lib conftest.c  >&5
configure:3371: $? = 0
configure:3422: result: yes
configure:3426: checking for C compiler default output file name
configure:3428: result: a.out
configure:3434: checking for suffix of executables
configure:3441: arm-rockchip830-linux-uclibcgnueabihf-gcc -o conftest  -I/home/miku/rv_build/staging/usr/include -L/home/miku/rv_build/staging/usr/lib conftest.c  >&5
configure:3445: $? = 0
configure:3469: result: 
configure:3493: checking whether we are cross compiling
configure:3501: arm-rockchip830-linux-uclibcgnueabihf-gcc -o conftest  -I/home/miku/rv_build/staging/usr/include -L/home/miku/rv_build/staging/usr/lib conftest.c  >&5
configure:3505: $? = 0
configure:3512: ./conftest
/lib/ld-uClibc.so.0: No such file or directory
configure:3516: $? = 255
configure:3504: result: yes
configure:3510: checking for suffix of object files
configure:3533: arm-rockchip830-linux-uclibcgnueabihf-gcc -c  -I/home/miku/rv_build/staging/usr/include conftest.c >&5
configure:3537: $? = 0
configure:3561: result: o
configure:3565: checking whether the compiler supports GNU C
configure:3585: arm-rockchip830-linux-uclibcgnueabihf-gcc -c  -I/home/miku/rv_build/staging/usr/include conftest.c >&5
configure:3585: $? = 0
configure:3597: result: yes
configure:3608: checking whether arm-rockchip830-linux-uclibcgnueabihf-gcc accepts -g
configure:3629: arm-rockchip830-linux-uclibcgnueabihf-gcc -c -g -I/home/miku/rv_build/staging/usr/include conftest.c >&5
configure:3629: $? = 0
configure:3676: result: yes
configure:3696: checking for arm-rockchip830-linux-uclibcgnueabihf-gcc option to enable C11 features
configure:3711: arm-rockchip830-linux-uclibcgnueabihf-gcc  -c -g -O2 -I/home/miku/rv_build/staging/usr/include conftest.c >&5
configure:3711: $? = 0
configure:3730: result: none needed
configure:3853: checking how to run the C preprocessor
configure:3879: arm-rockchip830-linux-uclibcgnueabihf-gcc -E -I/home/miku/rv_build/staging/usr/include conftest.c
configure:3879: $? = 0
configure:3895: arm-rockchip830-linux-uclibcgnueabihf-gcc -E -I/home/miku/rv_build/staging/usr/include conftest.c
conftest.c:9:10: fatal error: ac_nonexistent.h: No such file or directory
 #include <ac_nonexistent.h>
          ^~~~~~~~~~~~~~~~~~
compilation terminated.
configure:3895: $? = 1
configure: failed program was:
| /* confdefs.h */
| #define PACKAGE_NAME "FreeType"
| #define PACKAGE_TARNAME "freetype"
| #define PACKAGE_VERSION "2.14.1"
| #define PACKAGE_STRING "FreeType 2.14.1"
| #define PACKAGE_BUGREPORT "freetype@nongnu.org"
| #define PACKAGE_URL ""
| /* end confdefs.h.  */
| #include <ac_nonexistent.h>
configure:3924: result: arm-rockchip830-linux-uclibcgnueabihf-gcc -E
configure:3938: arm-rockchip830-linux-uclibcgnueabihf-gcc -E -I/home/miku/rv_build/staging/usr/include conftest.c
configure:3938: $? = 0
configure:3954: arm-rockchip830-linux-uclibcgnueabihf-gcc -E -I/home/miku/rv_build/staging/usr/include conftest.c
conftest.c:9:10: fatal error: ac_nonexistent.h: No such file or directory
 #include <ac_nonexistent.h>
          ^~~~~~~~~~~~~~~~~~
compilation terminated.
configure:3954: $? = 1
configure: failed program was:
| /* confdefs.h */
| #define PACKAGE_NAME "FreeType"
| #define PACKAGE_TARNAME "freetype"
| #define PACKAGE_VERSION "2.14.1"
| #define PACKAGE_STRING "FreeType 2.14.1"
| #define PACKAGE_BUGREPORT "freetype@nongnu.org"
| #define PACKAGE_URL ""
| /* end confdefs.h.  */
| #include <ac_nonexistent.h>
configure:3999: checking for arm-linux-pkg-config
configure:4038: result: no
configure:4048: checking for pkg-config
configure:4071: found /usr/bin/pkg-config
configure:4084: result: /usr/bin/pkg-config
configure:4096: WARNING: using cross tools not prefixed with host triplet
configure:4109: checking pkg-config is at least version 0.24
configure:4112: result: yes
configure:4169: checking how to print strings
configure:4196: result: printf
configure:4217: checking for a sed that does not truncate output
configure:4289: result: /usr/bin/sed
configure:4307: checking for grep that handles long lines and -e
configure:4373: result: /usr/bin/grep
configure:4378: checking for egrep
configure:4448: result: /usr/bin/grep -E
configure:4455: checking for fgrep
configure:4525: result: /usr/bin/grep -F
configure:4562: checking for ld used by arm-rockchip830-linux-uclibcgnueabihf-gcc
configure:4631: result: arm-rockchip830-linux-uclibcgnueabihf-ld
configure:4638: checking if the linker (arm-rockchip830-linux-uclibcgnueabihf-ld) is GNU ld
configure:4655: result: yes
configure:4667: checking for BSD- or MS-compatible name lister (nm)
configure:4723: result: arm-rockchip830-linux-uclibcgnueabihf-nm
configure:4865: checking the name lister (arm-rockchip830-linux-uclibcgnueabihf-nm) interface
configure:4873: arm-rockchip830-linux-uclibcgnueabihf-gcc -c -g -O2 -I/home/miku/rv_build/staging/usr/include conftest.c >&5
configure:4876: arm-rockchip830-linux-uclibcgnueabihf-nm "conftest.o"
configure:4879: output
00000000 B some_variable
configure:4887: result: BSD nm
configure:4890: checking whether ln -s works
configure:4894: result: yes
configure:4902: checking the maximum length of command line arguments
configure:5035: result: 1572864
configure:5083: checking how to convert x86_64-pc-linux-uclibc file names to arm-unknown-linux-gnu format
configure:5125: result: func_convert_file_noop
configure:5132: checking how to convert x86_64-pc-linux-uclibc file names to toolchain format
configure:5154: result: func_convert_file_noop
configure:5161: checking for arm-rockchip830-linux-uclibcgnueabihf-ld option to reload object files
configure:5170: result: -r
configure:5204: checking for arm-linux-objdump
configure:5240: result: no
configure:5250: checking for objdump
configure:5271: found /usr/bin/objdump
configure:5283: result: objdump
configure:5312: checking how to recognize dependent libraries
configure:5514: result: pass_all
configure:5559: checking for arm-linux-dlltool
configure:5595: result: no
configure:5605: checking for dlltool
configure:5641: result: no
configure:5668: checking how to associate runtime and link libraries
configure:5697: result: printf %s\n
configure:5714: checking for arm-linux-ar
configure:5747: result: arm-rockchip830-linux-uclibcgnueabihf-ar
configure:5834: checking for archiver @FILE support
configure:5852: arm-rockchip830-linux-uclibcgnueabihf-gcc -c -g -O2 -I/home/miku/rv_build/staging/usr/include conftest.c >&5
configure:5852: $? = 0
configure:5856: arm-rockchip830-linux-uclibcgnueabihf-ar cr libconftest.a @conftest.lst >&5
configure:5859: $? = 0
configure:5864: arm-rockchip830-linux-uclibcgnueabihf-ar cr libconftest.a @conftest.lst >&5
arm-rockchip830-linux-uclibcgnueabihf-ar: conftest.o: No such file or directory
configure:5867: $? = 1
configure:5880: result: @
configure:5898: checking for arm-linux-strip
configure:5931: result: arm-rockchip830-linux-uclibcgnueabihf-strip
configure:6009: checking for arm-linux-ranlib
configure:6042: result: arm-rockchip830-linux-uclibcgnueabihf-ranlib
configure:6165: checking for gawk
configure:6186: found /usr/bin/gawk
configure:6198: result: gawk
configure:6238: checking command to parse arm-rockchip830-linux-uclibcgnueabihf-nm output from arm-rockchip830-linux-uclibcgnueabihf-gcc object
configure:6392: arm-rockchip830-linux-uclibcgnueabihf-gcc -c -g -O2 -I/home/miku/rv_build/staging/usr/include conftest.c >&5
configure:6395: $? = 0
configure:6399: arm-rockchip830-linux-uclibcgnueabihf-nm conftest.o | sed -n -e 's/^.*[	 ]\([ABCDGIRSTW][ABCDGIRSTW]*\)[	 ][	 ]*\([_A-Za-z][_A-Za-z0-9]*\)$/\1 \2 \2/p' | sed '/ __gnu_lto/d' > conftest.nm
configure:6465: arm-rockchip830-linux-uclibcgnueabihf-gcc -o conftest -g -O2 -I/home/miku/rv_build/staging/usr/include -L/home/miku/rv_build/staging/usr/lib conftest.c conftstm.o >&5
configure:6468: $? = 0
configure:6507: result: ok
configure:6554: checking for sysroot
configure:6586: result: no
configure:6593: checking for a working dd
configure:6638: result: /usr/bin/dd
configure:6642: checking how to truncate binary pipes
configure:6659: result: /usr/bin/dd bs=4096 count=1
configure:6953: checking for arm-linux-mt
configure:6989: result: no
configure:6999: checking for mt
configure:7020: found /usr/bin/mt
configure:7032: result: mt
configure:7055: checking if mt is a manifest tool
configure:7062: mt '-?'
configure:7071: result: no
configure:7815: checking for stdio.h
configure:7815: arm-rockchip830-linux-uclibcgnueabihf-gcc -c -g -O2 -I/home/miku/rv_build/staging/usr/include conftest.c >&5
configure:7815: $? = 0
configure:7815: result: yes
configure:7815: checking for stdlib.h
configure:7815: arm-rockchip830-linux-uclibcgnueabihf-gcc -c -g -O2 -I/home/miku/rv_build/staging/usr/include conftest.c >&5
configure:7815: $? = 0
configure:7815: result: yes
configure:7815: checking for string.h
configure:7815: arm-rockchip830-linux-uclibcgnueabihf-gcc -c -g -O2 -I/home/miku/rv_build/staging/usr/include conftest.c >&5
configure:7815: $? = 0
configure:7815: result: yes
configure:7815: checking for inttypes.h
configure:7815: arm-rockchip830-linux-uclibcgnueabihf-gcc -c -g -O2 -I/home/miku/rv_build/staging/usr/include conftest.c >&5
configure:7815: $? = 0
configure:7815: result: yes
configure:7815: checking for stdint.h
configure:7815: arm-rockchip830-linux-uclibcgnueabihf-gcc -c -g -O2 -I/home/miku/rv_build/staging/usr/include conftest.c >&5
configure:7815: $? = 0
configure:7815: result: yes
configure:7815: checking for strings.h
configure:7815: arm-rockchip830-linux-uclibcgnueabihf-gcc -c -g -O2 -I/home/miku/rv_build/staging/usr/include conftest.c >&5
configure:7815: $? = 0
configure:7815: result: yes
configure:7815: checking for sys/stat.h
configure:7815: arm-rockchip830-linux-uclibcgnueabihf-gcc -c -g -O2 -I/home/miku/rv_build/staging/usr/include conftest.c >&5
configure:7815: $? = 0
configure:7815: result: yes
configure:7815: checking for sys/types.h
configure:7815: arm-rockchip830-linux-uclibcgnueabihf-gcc -c -g -O2 -I/home/miku/rv_build/staging/usr/include conftest.c >&5
configure:7815: $? = 0
configure:7815: result: yes
configure:7815: checking for unistd.h
configure:7815: arm-rockchip830-linux-uclibcgnueabihf-gcc -c -g -O2 -I/home/miku/rv_build/staging/usr/include conftest.c >&5
configure:7815: $? = 0
configure:7815: result: yes
configure:7815: checking for sys/param.h
configure:7815: arm-rockchip830-linux-uclibcgnueabihf-gcc -c -g -O2 -I/home/miku/rv_build/staging/usr/include conftest.c >&5
configure:7815: $? = 0
configure:7815: result: yes
configure:7840: checking for dlfcn.h
configure:7840: arm-rockchip830-linux-uclibcgnueabihf-gcc -c -g -O2 -I/home/miku/rv_build/staging/usr/include conftest.c >&5
configure:7840: $? = 0
configure:7840: result: yes
configure:8439: checking for objdir
configure:8456: result: .libs
configure:8718: checking if arm-rockchip830-linux-uclibcgnueabihf-gcc supports -fno-rtti -fno-exceptions
configure:8737: arm-rockchip830-linux-uclibcgnueabihf-gcc -c -g -O2 -I/home/miku/rv_build/staging/usr/include -fno-rtti -fno-exceptions conftest.c >&5
cc1: warning: command line option '-fno-rtti' is valid for C++/ObjC++ but not for C
configure:8741: $? = 0
configure:8755: result: no
configure:9119: checking for arm-rockchip830-linux-uclibcgnueabihf-gcc option to produce PIC
configure:9128: result: -fPIC -DPIC
configure:9136: checking if arm-rockchip830-linux-uclibcgnueabihf-gcc PIC flag -fPIC -DPIC works
configure:9155: arm-rockchip830-linux-uclibcgnueabihf-gcc -c -g -O2 -I/home/miku/rv_build/staging/usr/include -fPIC -DPIC -DPIC conftest.c >&5
configure:9159: $? = 0
configure:9173: result: yes
configure:9202: checking if arm-rockchip830-linux-uclibcgnueabihf-gcc static flag -static works
configure:9232: result: yes
configure:9247: checking if arm-rockchip830-linux-uclibcgnueabihf-gcc supports -c -o file.o
configure:9269: arm-rockchip830-linux-uclibcgnueabihf-gcc -c -g -O2 -I/home/miku/rv_build/staging/usr/include -o out/conftest2.o conftest.c >&5
configure:9273: $? = 0
configure:9296: result: yes
configure:9304: checking if arm-rockchip830-linux-uclibcgnueabihf-gcc supports -c -o file.o
configure:9353: result: yes
configure:9386: checking whether the arm-rockchip830-linux-uclibcgnueabihf-gcc linker (arm-rockchip830-linux-uclibcgnueabihf-ld) supports shared libraries
configure:10661: result: yes
configure:10903: checking dynamic linker characteristics
configure:11485: arm-rockchip830-linux-uclibcgnueabihf-gcc -o conftest -g -O2 -I/home/miku/rv_build/staging/usr/include -L/home/miku/rv_build/staging/usr/lib -Wl,-rpath -Wl,/foo conftest.c  >&5
configure:11485: $? = 0
configure:11737: result: GNU/Linux ld.so
configure:11859: checking how to hardcode library paths into programs
configure:11884: result: immediate
configure:12484: checking whether stripping libraries is possible
configure:12489: result: yes
configure:12524: checking if libtool supports shared libraries
configure:12526: result: yes
configure:12529: checking whether to build shared libraries
configure:12554: result: no
configure:12557: checking whether to build static libraries
configure:12561: result: yes
configure:12598: checking for windows.h
configure:12598: arm-rockchip830-linux-uclibcgnueabihf-gcc -c -g -O2 -I/home/miku/rv_build/staging/usr/include conftest.c >&5
conftest.c:50:10: fatal error: windows.h: No such file or directory
 #include <windows.h>
          ^~~~~~~~~~~
compilation terminated.
configure:12598: $? = 1
configure: failed program was:
| /* confdefs.h */
| #define PACKAGE_NAME "FreeType"
| #define PACKAGE_TARNAME "freetype"
| #define PACKAGE_VERSION "2.14.1"
| #define PACKAGE_STRING "FreeType 2.14.1"
| #define PACKAGE_BUGREPORT "freetype@nongnu.org"
| #define PACKAGE_URL ""
| #define HAVE_STDIO_H 1
| #define HAVE_STDLIB_H 1
| #define HAVE_STRING_H 1
| #define HAVE_INTTYPES_H 1
| #define HAVE_STDINT_H 1
| #define HAVE_STRINGS_H 1
| #define HAVE_SYS_STAT_H 1
| #define HAVE_SYS_TYPES_H 1
| #define HAVE_UNISTD_H 1
| #define HAVE_SYS_PARAM_H 1
| #define STDC_HEADERS 1
| #define HAVE_DLFCN_H 1
| #define LT_OBJDIR ".libs/"
| /* end confdefs.h.  */
| #include <stddef.h>
| #ifdef HAVE_STDIO_H
| # include <stdio.h>
| #endif
| #ifdef HAVE_STDLIB_H
| # include <stdlib.h>
| #endif
| #ifdef HAVE_STRING_H
| # include <string.h>
| #endif
| #ifdef HAVE_INTTYPES_H
| # include <inttypes.h>
| #endif
| #ifdef HAVE_STDINT_H
| # include <stdint.h>
| #endif
| #ifdef HAVE_STRINGS_H
| # include <strings.h>
| #endif
| #ifdef HAVE_SYS_TYPES_H
| # include <sys/types.h>
| #endif
| #ifdef HAVE_SYS_STAT_H
| # include <sys/stat.h>
| #endif
| #ifdef HAVE_UNISTD_H
| # include <unistd.h>
| #endif
| #include <windows.h>
configure:12598: result: no
configure:12791: checking for x86_64-pc-linux-uclibc-gcc
configure:12827: result: no
configure:12834: checking for gcc
configure:12855: found /usr/bin/gcc
configure:12867: result: gcc
configure:12877: checking for gcc
configure:12927: result: gcc
configure:12937: checking for gcc
configure:12970: result: gcc
configure:12980: checking for suffix of native executables
configure:12994: result: 
configure:13031: checking for a BSD-compatible install
configure:13105: result: /usr/bin/install -c
configure:13125: checking for a race-free mkdir -p
configure:13168: result: /usr/bin/mkdir -p
configure:13182: checking for fcntl.h
configure:13182: arm-rockchip830-linux-uclibcgnueabihf-gcc -c -g -O2 -I/home/miku/rv_build/staging/usr/include conftest.c >&5
configure:13182: $? = 0
configure:13182: result: yes
configure:13188: checking for unistd.h
configure:13188: result: yes
configure:13199: checking for an ANSI C-conforming const
configure:13266: arm-rockchip830-linux-uclibcgnueabihf-gcc -c -g -O2 -I/home/miku/rv_build/staging/usr/include conftest.c >&5
configure:13266: $? = 0
configure:13276: result: yes
configure:13311: checking for arm-rockchip830-linux-uclibcgnueabihf-gcc option to enable large file support
configure:13346: arm-rockchip830-linux-uclibcgnueabihf-gcc -c -g -O2 -I/home/miku/rv_build/staging/usr/include conftest.c >&5
conftest.c:32:39: warning: result of '-2147483648 << 31' requires 63 bits to represent, but 'long int' only has 32 bits [-Wshift-overflow=]
 #define LARGE_FTYPE (((FTYPE) 1 << 31 << 31) - 1 + ((FTYPE) 1 << 31 << 31))
                                       ^~
conftest.c:33:23: note: in expansion of macro 'LARGE_FTYPE'
   int FTYPE_is_large[(LARGE_FTYPE % 2147483629 == 721
                       ^~~~~~~~~~~
conftest.c:32:69: warning: result of '-2147483648 << 31' requires 63 bits to represent, but 'long int' only has 32 bits [-Wshift-overflow=]
 #define LARGE_FTYPE (((FTYPE) 1 << 31 << 31) - 1 + ((FTYPE) 1 << 31 << 31))
                                                                     ^~
conftest.c:33:23: note: in expansion of macro 'LARGE_FTYPE'
   int FTYPE_is_large[(LARGE_FTYPE % 2147483629 == 721
                       ^~~~~~~~~~~
conftest.c:32:39: warning: result of '-2147483648 << 31' requires 63 bits to represent, but 'long int' only has 32 bits [-Wshift-overflow=]
 #define LARGE_FTYPE (((FTYPE) 1 << 31 << 31) - 1 + ((FTYPE) 1 << 31 << 31))
                                       ^~
conftest.c:34:13: note: in expansion of macro 'LARGE_FTYPE'
          && LARGE_FTYPE % 2147483647 == 1)
             ^~~~~~~~~~~
conftest.c:32:69: warning: result of '-2147483648 << 31' requires 63 bits to represent, but 'long int' only has 32 bits [-Wshift-overflow=]
 #define LARGE_FTYPE (((FTYPE) 1 << 31 << 31) - 1 + ((FTYPE) 1 << 31 << 31))
                                                                     ^~
conftest.c:34:13: note: in expansion of macro 'LARGE_FTYPE'
          && LARGE_FTYPE % 2147483647 == 1)
             ^~~~~~~~~~~
conftest.c:33:7: error: variably modified 'FTYPE_is_large' at file scope
   int FTYPE_is_large[(LARGE_FTYPE % 2147483629 == 721
       ^~~~~~~~~~~~~~
configure:13346: $? = 1
configure: failed program was:
| /* confdefs.h */
| #define PACKAGE_NAME "FreeType"
| #define PACKAGE_TARNAME "freetype"
| #define PACKAGE_VERSION "2.14.1"
| #define PACKAGE_STRING "FreeType 2.14.1"
| #define PACKAGE_BUGREPORT "freetype@nongnu.org"
| #define PACKAGE_URL ""
| #define HAVE_STDIO_H 1
| #define HAVE_STDLIB_H 1
| #define HAVE_STRING_H 1
| #define HAVE_INTTYPES_H 1
| #define HAVE_STDINT_H 1
| #define HAVE_STRINGS_H 1
| #define HAVE_SYS_STAT_H 1
| #define HAVE_SYS_TYPES_H 1
| #define HAVE_UNISTD_H 1
| #define HAVE_SYS_PARAM_H 1
| #define STDC_HEADERS 1
| #define HAVE_DLFCN_H 1
| #define LT_OBJDIR ".libs/"
| #define HAVE_FCNTL_H 1
| #define HAVE_UNISTD_H 1
| /* end confdefs.h.  */
| #include <sys/types.h>
| #ifndef FTYPE
| # define FTYPE off_t
| #endif
|  /* Check that FTYPE can represent 2**63 - 1 correctly.
|     We can't simply define LARGE_FTYPE to be 9223372036854775807,
|     since some C++ compilers masquerading as C compilers
|     incorrectly reject 9223372036854775807.  */
| #define LARGE_FTYPE (((FTYPE) 1 << 31 << 31) - 1 + ((FTYPE) 1 << 31 << 31))
|   int FTYPE_is_large[(LARGE_FTYPE % 2147483629 == 721
| 		       && LARGE_FTYPE % 2147483647 == 1)
| 		      ? 1 : -1];
| int
| main (void)
| {
| 
|   ;
|   return 0;
| }
configure:13346: arm-rockchip830-linux-uclibcgnueabihf-gcc -D_FILE_OFFSET_BITS=64 -c -g -O2 -I/home/miku/rv_build/staging/usr/include conftest.c >&5
configure:13346: $? = 0
configure:13377: result: -D_FILE_OFFSET_BITS=64
configure:13509: checking for getpagesize
configure:13509: arm-rockchip830-linux-uclibcgnueabihf-gcc -o conftest -g -O2 -I/home/miku/rv_build/staging/usr/include -L/home/miku/rv_build/staging/usr/lib conftest.c  >&5
configure:13509: $? = 0
configure:13509: result: yes
configure:13520: checking for working mmap
configure:13684: result: yes
configure:13696: checking for arm-rockchip830-linux-uclibcgnueabihf-gcc options needed to detect all undeclared functions
configure:13718: arm-rockchip830-linux-uclibcgnueabihf-gcc -c -g -O2  -I/home/miku/rv_build/staging/usr/include conftest.c >&5
conftest.c: In function 'main':
conftest.c:31:8: error: 'strchr' undeclared (first use in this function)
 (void) strchr;
        ^~~~~~
conftest.c:31:8: note: 'strchr' is defined in header '<string.h>'; did you forget to '#include <string.h>'?
conftest.c:1:1:
 /* confdefs.h */
conftest.c:31:8:
 (void) strchr;
        ^~~~~~
conftest.c:31:8: note: each undeclared identifier is reported only once for each function it appears in
configure:13718: $? = 1
configure: failed program was:
| /* confdefs.h */
| #define PACKAGE_NAME "FreeType"
| #define PACKAGE_TARNAME "freetype"
| #define PACKAGE_VERSION "2.14.1"
| #define PACKAGE_STRING "FreeType 2.14.1"
| #define PACKAGE_BUGREPORT "freetype@nongnu.org"
| #define PACKAGE_URL ""
| #define HAVE_STDIO_H 1
| #define HAVE_STDLIB_H 1
| #define HAVE_STRING_H 1
| #define HAVE_INTTYPES_H 1
| #define HAVE_STDINT_H 1
| #define HAVE_STRINGS_H 1
| #define HAVE_SYS_STAT_H 1
| #define HAVE_SYS_TYPES_H 1
| #define HAVE_UNISTD_H 1
| #define HAVE_SYS_PARAM_H 1
| #define STDC_HEADERS 1
| #define HAVE_DLFCN_H 1
| #define LT_OBJDIR ".libs/"
| #define HAVE_FCNTL_H 1
| #define HAVE_UNISTD_H 1
| #define _FILE_OFFSET_BITS 64
| #define HAVE_GETPAGESIZE 1
| #define HAVE_MMAP 1
| /* end confdefs.h.  */
| 
| int
| main (void)
| {
| (void) strchr;
|   ;
|   return 0;
| }
configure:13745: arm-rockchip830-linux-uclibcgnueabihf-gcc -c -g -O2  -I/home/miku/rv_build/staging/usr/include conftest.c >&5
configure:13745: $? = 0
configure:13765: result: none needed
configure:13779: checking whether munmap is declared
configure:13779: arm-rockchip830-linux-uclibcgnueabihf-gcc -c -g -O2  -I/home/miku/rv_build/staging/usr/include conftest.c >&5
configure:13779: $? = 0
configure:13779: result: yes
configure:13798: checking for munmap's first parameter type
configure:13812: arm-rockchip830-linux-uclibcgnueabihf-gcc -c -g -O2 -I/home/miku/rv_build/staging/usr/include conftest.c >&5
configure:13812: $? = 0
configure:13814: result: void *
configure:13858: checking arm-rockchip830-linux-uclibcgnueabihf-gcc compiler flag -pedantic to assure ANSI C99 works correctly
configure:13885: arm-rockchip830-linux-uclibcgnueabihf-gcc -c -g -O2  -pedantic -I/home/miku/rv_build/staging/usr/include conftest.c >&5
configure:13885: $? = 0
configure:13887: result: ok, adding to XX_ANSIFLAGS
configure:13858: checking arm-rockchip830-linux-uclibcgnueabihf-gcc compiler flag -std=c99 to assure ANSI C99 works correctly
configure:13885: arm-rockchip830-linux-uclibcgnueabihf-gcc -c -g -O2  -pedantic -std=c99 -I/home/miku/rv_build/staging/usr/include conftest.c >&5
configure:13885: $? = 0
configure:13887: result: ok, adding to XX_ANSIFLAGS
configure:13922: checking for -fvisibility=hidden compiler flag
configure:13946: arm-rockchip830-linux-uclibcgnueabihf-gcc -c -g -O2 -fvisibility=hidden -Werror -I/home/miku/rv_build/staging/usr/include conftest.c >&5
configure:13946: $? = 0
configure:13950: result: yes
configure:14028: $PKG_CONFIG --exists --print-errors "$zlib_pkg"
configure:14031: $? = 0
configure:14038: checking for ZLIB
configure:14045: $PKG_CONFIG --exists --print-errors "$zlib_pkg"
configure:14048: $? = 0
configure:14062: $PKG_CONFIG --exists --print-errors "$zlib_pkg"
configure:14065: $? = 0
configure:14103: result: yes
configure:14214: $PKG_CONFIG --exists --print-errors "$bzip2_pkg"
Package bzip2 was not found in the pkg-config search path.
Perhaps you should add the directory containing `bzip2.pc'
to the PKG_CONFIG_PATH environment variable
No package 'bzip2' found
configure:14217: $? = 1
configure:14224: checking for BZIP2
configure:14231: $PKG_CONFIG --exists --print-errors "$bzip2_pkg"
Package bzip2 was not found in the pkg-config search path.
Perhaps you should add the directory containing `bzip2.pc'
to the PKG_CONFIG_PATH environment variable
No package 'bzip2' found
configure:14234: $? = 1
configure:14248: $PKG_CONFIG --exists --print-errors "$bzip2_pkg"
Package bzip2 was not found in the pkg-config search path.
Perhaps you should add the directory containing `bzip2.pc'
to the PKG_CONFIG_PATH environment variable
No package 'bzip2' found
configure:14251: $? = 1
configure:14265: result: no
No package 'bzip2' found
configure:14309: checking for BZ2_bzDecompress in -lbz2
configure:14338: arm-rockchip830-linux-uclibcgnueabihf-gcc -o conftest -g -O2 -fvisibility=hidden -I/home/miku/rv_build/staging/usr/include -L/home/miku/rv_build/staging/usr/lib conftest.c -lbz2   >&5
/home/miku/rv_build/luckfox_toolchain/tools/linux/toolchain/arm-rockchip830-linux-uclibcgnueabihf/bin/../lib/gcc/arm-rockchip830-linux-uclibcgnueabihf/8.3.0/../../../../arm-rockchip830-linux-uclibcgnueabihf/bin/ld.bfd: cannot find -lbz2
collect2: error: ld returned 1 exit status
configure:14338: $? = 1
configure: failed program was:
| /* confdefs.h */
| #define PACKAGE_NAME "FreeType"
| #define PACKAGE_TARNAME "freetype"
| #define PACKAGE_VERSION "2.14.1"
| #define PACKAGE_STRING "FreeType 2.14.1"
| #define PACKAGE_BUGREPORT "freetype@nongnu.org"
| #define PACKAGE_URL ""
| #define HAVE_STDIO_H 1
| #define HAVE_STDLIB_H 1
| #define HAVE_STRING_H 1
| #define HAVE_INTTYPES_H 1
| #define HAVE_STDINT_H 1
| #define HAVE_STRINGS_H 1
| #define HAVE_SYS_STAT_H 1
| #define HAVE_SYS_TYPES_H 1
| #define HAVE_UNISTD_H 1
| #define HAVE_SYS_PARAM_H 1
| #define STDC_HEADERS 1
| #define HAVE_DLFCN_H 1
| #define LT_OBJDIR ".libs/"
| #define HAVE_FCNTL_H 1
| #define HAVE_UNISTD_H 1
| #define _FILE_OFFSET_BITS 64
| #define HAVE_GETPAGESIZE 1
| #define HAVE_MMAP 1
| #define HAVE_DECL_MUNMAP 1
| #define MUNMAP_USES_VOIDP /**/
| /* end confdefs.h.  */
| 
| /* Override any GCC internal prototype to avoid an error.
|    Use char because int might match the return type of a GCC
|    builtin and then its argument prototype would still apply.
|    The 'extern "C"' is for builds by C++ compilers;
|    although this is not generally supported in C code supporting it here
|    has little cost and some practical benefit (sr 110532).  */
| #ifdef __cplusplus
| extern "C"
| #endif
| char BZ2_bzDecompress (void);
| int
| main (void)
| {
| return BZ2_bzDecompress ();
|   ;
|   return 0;
| }
configure:14350: result: no
configure:14394: $PKG_CONFIG --exists --print-errors "$libpng_pkg"
Package libpng was not found in the pkg-config search path.
Perhaps you should add the directory containing `libpng.pc'
to the PKG_CONFIG_PATH environment variable
No package 'libpng' found
configure:14397: $? = 1
configure:14404: checking for LIBPNG
configure:14411: $PKG_CONFIG --exists --print-errors "$libpng_pkg"
Package libpng was not found in the pkg-config search path.
Perhaps you should add the directory containing `libpng.pc'
to the PKG_CONFIG_PATH environment variable
No package 'libpng' found
configure:14414: $? = 1
configure:14428: $PKG_CONFIG --exists --print-errors "$libpng_pkg"
Package libpng was not found in the pkg-config search path.
Perhaps you should add the directory containing `libpng.pc'
to the PKG_CONFIG_PATH environment variable
No package 'libpng' found
configure:14431: $? = 1
configure:14445: result: no
No package 'libpng' found
configure:14491: checking for libpng-config
configure:14525: result: no
configure:14568: $PKG_CONFIG --exists --print-errors "$harfbuzz_pkg"
Package harfbuzz was not found in the pkg-config search path.
Perhaps you should add the directory containing `harfbuzz.pc'
to the PKG_CONFIG_PATH environment variable
No package 'harfbuzz' found
configure:14571: $? = 1
configure:14578: checking for HARFBUZZ
configure:14585: $PKG_CONFIG --exists --print-errors "$harfbuzz_pkg"
Package harfbuzz was not found in the pkg-config search path.
Perhaps you should add the directory containing `harfbuzz.pc'
to the PKG_CONFIG_PATH environment variable
No package 'harfbuzz' found
configure:14588: $? = 1
configure:14602: $PKG_CONFIG --exists --print-errors "$harfbuzz_pkg"
Package harfbuzz was not found in the pkg-config search path.
Perhaps you should add the directory containing `harfbuzz.pc'
to the PKG_CONFIG_PATH environment variable
No package 'harfbuzz' found
configure:14605: $? = 1
configure:14619: result: no
No package 'harfbuzz' found
configure:14680: checking for dlopen in -lc
configure:14709: arm-rockchip830-linux-uclibcgnueabihf-gcc -o conftest -g -O2 -fvisibility=hidden -I/home/miku/rv_build/staging/usr/include -L/home/miku/rv_build/staging/usr/lib conftest.c -lc   >&5
configure:14709: $? = 0
configure:14721: result: yes
configure:14817: $PKG_CONFIG --exists --print-errors "$brotli_pkg"
Package libbrotlidec was not found in the pkg-config search path.
Perhaps you should add the directory containing `libbrotlidec.pc'
to the PKG_CONFIG_PATH environment variable
No package 'libbrotlidec' found
configure:14820: $? = 1
configure:14827: checking for BROTLI
configure:14834: $PKG_CONFIG --exists --print-errors "$brotli_pkg"
Package libbrotlidec was not found in the pkg-config search path.
Perhaps you should add the directory containing `libbrotlidec.pc'
to the PKG_CONFIG_PATH environment variable
No package 'libbrotlidec' found
configure:14837: $? = 1
configure:14851: $PKG_CONFIG --exists --print-errors "$brotli_pkg"
Package libbrotlidec was not found in the pkg-config search path.
Perhaps you should add the directory containing `libbrotlidec.pc'
to the PKG_CONFIG_PATH environment variable
No package 'libbrotlidec' found
configure:14854: $? = 1
configure:14868: result: no
No package 'libbrotlidec' found
configure:14934: checking for library containing clock_gettime
configure:14970: arm-rockchip830-linux-uclibcgnueabihf-gcc -o conftest -g -O2 -fvisibility=hidden -I/home/miku/rv_build/staging/usr/include -L/home/miku/rv_build/staging/usr/lib conftest.c  >&5
configure:14970: $? = 0
configure:14992: result: none required
configure:15022: checking for LIBRSVG
configure:15029: $PKG_CONFIG --exists --print-errors "librsvg-2.0 >= 2.46.0"
Package librsvg-2.0 was not found in the pkg-config search path.
Perhaps you should add the directory containing `librsvg-2.0.pc'
to the PKG_CONFIG_PATH environment variable
No package 'librsvg-2.0' found
configure:15032: $? = 1
configure:15046: $PKG_CONFIG --exists --print-errors "librsvg-2.0 >= 2.46.0"
Package librsvg-2.0 was not found in the pkg-config search path.
Perhaps you should add the directory containing `librsvg-2.0.pc'
to the PKG_CONFIG_PATH environment variable
No package 'librsvg-2.0' found
configure:15049: $? = 1
configure:15063: result: no
No package 'librsvg-2.0' found
configure:15707: checking target system type
configure:15722: result: arm-unknown-linux-gnu
configure:15749: checking for egrep -e
configure:15879: result: /usr/bin/grep -E
configure:16049: checking whether arm-rockchip830-linux-uclibcgnueabihf-gcc is Clang
configure:16077: result: no
configure:16143: checking whether pthreads work with "-pthread" and "-lpthread"
configure:16255: arm-rockchip830-linux-uclibcgnueabihf-gcc -o conftest -g -O2 -fvisibility=hidden -pthread -I/home/miku/rv_build/staging/usr/include -L/home/miku/rv_build/staging/usr/lib conftest.c -lpthread  >&5
configure:16255: $? = 0
configure:16265: result: yes
configure:16389: checking for joinable pthread attribute
configure:16408: arm-rockchip830-linux-uclibcgnueabihf-gcc -o conftest -g -O2 -fvisibility=hidden -pthread -I/home/miku/rv_build/staging/usr/include -L/home/miku/rv_build/staging/usr/lib conftest.c -lpthread  >&5
configure:16408: $? = 0
configure:16418: result: PTHREAD_CREATE_JOINABLE
configure:16431: checking whether more special flags are required for pthreads
configure:16446: result: no
configure:16455: checking for PTHREAD_PRIO_INHERIT
configure:16473: arm-rockchip830-linux-uclibcgnueabihf-gcc -o conftest -g -O2 -fvisibility=hidden -pthread -I/home/miku/rv_build/staging/usr/include -L/home/miku/rv_build/staging/usr/lib conftest.c -lpthread  >&5
conftest.c: In function 'main':
conftest.c:33:9: error: 'PTHREAD_PRIO_INHERIT' undeclared (first use in this function); did you mean 'PTHREAD_ONCE_INIT'?
 int i = PTHREAD_PRIO_INHERIT;
         ^~~~~~~~~~~~~~~~~~~~
         PTHREAD_ONCE_INIT
conftest.c:33:9: note: each undeclared identifier is reported only once for each function it appears in
configure:16473: $? = 1
configure: failed program was:
| /* confdefs.h */
| #define PACKAGE_NAME "FreeType"
| #define PACKAGE_TARNAME "freetype"
| #define PACKAGE_VERSION "2.14.1"
| #define PACKAGE_STRING "FreeType 2.14.1"
| #define PACKAGE_BUGREPORT "freetype@nongnu.org"
| #define PACKAGE_URL ""
| #define HAVE_STDIO_H 1
| #define HAVE_STDLIB_H 1
| #define HAVE_STRING_H 1
| #define HAVE_INTTYPES_H 1
| #define HAVE_STDINT_H 1
| #define HAVE_STRINGS_H 1
| #define HAVE_SYS_STAT_H 1
| #define HAVE_SYS_TYPES_H 1
| #define HAVE_UNISTD_H 1
| #define HAVE_SYS_PARAM_H 1
| #define STDC_HEADERS 1
| #define HAVE_DLFCN_H 1
| #define LT_OBJDIR ".libs/"
| #define HAVE_FCNTL_H 1
| #define HAVE_UNISTD_H 1
| #define _FILE_OFFSET_BITS 64
| #define HAVE_GETPAGESIZE 1
| #define HAVE_MMAP 1
| #define HAVE_DECL_MUNMAP 1
| #define MUNMAP_USES_VOIDP /**/
| /* end confdefs.h.  */
| #include <pthread.h>
| int
| main (void)
| {
| int i = PTHREAD_PRIO_INHERIT;
|                                                return i;
|   ;
|   return 0;
| }
configure:16485: result: no
configure:16671: checking for python3
configure:16692: found /usr/bin/python3
configure:16704: result: python3
configure:16726: checking for python version
configure:16731: result: 3.8.10
configure:16792: checking for `docwriter' Python module
configure:16800: result: no
configure:17075: creating ./config.status

## ---------------------- ##
## Running config.status. ##
## ---------------------- ##

This file was extended by FreeType config.status 2.14.1, which was
generated by GNU Autoconf 2.72.  Invocation command line was

  CONFIG_FILES    = 
  CONFIG_HEADERS  = 
  CONFIG_LINKS    = 
  CONFIG_COMMANDS = 
  $ ./config.status 

on miku-machine

config.status:1143: creating ftoption.h
config.status:1143: creating unix-cc.mk
config.status:1143: creating unix-def.mk
config.status:1143: creating ftconfig.h
config.status:1324: ftconfig.h is unchanged
config.status:1338: executing libtool commands
configure:19312:

Library configuration:
  external zlib: yes (pkg-config)
  bzip2:         no
  libpng:        no
  harfbuzz:      yes (dynamic)
  brotli:        no
  pthread:       yes

configure:19336: WARNING:
  `make refdoc' will fail since pip package `docwriter' is not installed.
  To install, run `python3 -m pip install docwriter', or to use a Python
  virtual environment, run `make refdoc-venv' (requires pip package
  `virtualenv').  These operations require Python >= 3.5.
  

## ---------------- ##
## Cache variables. ##
## ---------------- ##

ac_cv_build=x86_64-pc-linux-uclibc
ac_cv_c_compiler_gnu=yes
ac_cv_c_const=yes
ac_cv_c_undeclared_builtin_options='none needed'
ac_cv_env_BROTLI_CFLAGS_set=
ac_cv_env_BROTLI_CFLAGS_value=
ac_cv_env_BROTLI_LIBS_set=
ac_cv_env_BROTLI_LIBS_value=
ac_cv_env_BZIP2_CFLAGS_set=
ac_cv_env_BZIP2_CFLAGS_value=
ac_cv_env_BZIP2_LIBS_set=
ac_cv_env_BZIP2_LIBS_value=
ac_cv_env_CC_set=set
ac_cv_env_CC_value=arm-rockchip830-linux-uclibcgnueabihf-gcc
ac_cv_env_CFLAGS_set=
ac_cv_env_CFLAGS_value=
ac_cv_env_CPPFLAGS_set=set
ac_cv_env_CPPFLAGS_value=-I/home/miku/rv_build/staging/usr/include
ac_cv_env_CPP_set=
ac_cv_env_CPP_value=
ac_cv_env_HARFBUZZ_CFLAGS_set=
ac_cv_env_HARFBUZZ_CFLAGS_value=
ac_cv_env_HARFBUZZ_LIBS_set=
ac_cv_env_HARFBUZZ_LIBS_value=
ac_cv_env_LDFLAGS_set=set
ac_cv_env_LDFLAGS_value=-L/home/miku/rv_build/staging/usr/lib
ac_cv_env_LIBPNG_CFLAGS_set=
ac_cv_env_LIBPNG_CFLAGS_value=
ac_cv_env_LIBPNG_LIBS_set=
ac_cv_env_LIBPNG_LIBS_value=
ac_cv_env_LIBRSVG_CFLAGS_set=
ac_cv_env_LIBRSVG_CFLAGS_value=
ac_cv_env_LIBRSVG_LIBS_set=
ac_cv_env_LIBRSVG_LIBS_value=
ac_cv_env_LIBS_set=
ac_cv_env_LIBS_value=
ac_cv_env_LT_SYS_LIBRARY_PATH_set=
ac_cv_env_LT_SYS_LIBRARY_PATH_value=
ac_cv_env_PKG_CONFIG_LIBDIR_set=
ac_cv_env_PKG_CONFIG_LIBDIR_value=
ac_cv_env_PKG_CONFIG_PATH_set=set
ac_cv_env_PKG_CONFIG_PATH_value=/home/miku/rv_build/staging/usr/lib/pkgconfig
ac_cv_env_PKG_CONFIG_set=
ac_cv_env_PKG_CONFIG_value=
ac_cv_env_ZLIB_CFLAGS_set=
ac_cv_env_ZLIB_CFLAGS_value=
ac_cv_env_ZLIB_LIBS_set=
ac_cv_env_ZLIB_LIBS_value=
ac_cv_env_build_alias_set=
ac_cv_env_build_alias_value=
ac_cv_env_host_alias_set=set
ac_cv_env_host_alias_value=arm-linux
ac_cv_env_target_alias_set=
ac_cv_env_target_alias_value=
ac_cv_func_getpagesize=yes
ac_cv_func_mmap_fixed_mapped=yes
ac_cv_have_decl_munmap=yes
ac_cv_header_dlfcn_h=yes
ac_cv_header_fcntl_h=yes
ac_cv_header_inttypes_h=yes
ac_cv_header_stdint_h=yes
ac_cv_header_stdio_h=yes
ac_cv_header_stdlib_h=yes
ac_cv_header_string_h=yes
ac_cv_header_strings_h=yes
ac_cv_header_sys_param_h=yes
ac_cv_header_sys_stat_h=yes
ac_cv_header_sys_types_h=yes
ac_cv_header_unistd_h=yes
ac_cv_header_windows_h=no
ac_cv_host=arm-unknown-linux-gnu
ac_cv_lib_bz2_BZ2_bzDecompress=no
ac_cv_lib_c_dlopen=yes
ac_cv_objext=o
ac_cv_path_EGREP='/usr/bin/grep -E'
ac_cv_path_EGREP_TRADITIONAL='/usr/bin/grep -E'
ac_cv_path_FGREP='/usr/bin/grep -F'
ac_cv_path_GREP=/usr/bin/grep
ac_cv_path_SED=/usr/bin/sed
ac_cv_path_ac_pt_PKG_CONFIG=/usr/bin/pkg-config
ac_cv_path_install='/usr/bin/install -c'
ac_cv_path_lt_DD=/usr/bin/dd
ac_cv_path_mkdir=/usr/bin/mkdir
ac_cv_prog_AR=arm-rockchip830-linux-uclibcgnueabihf-ar
ac_cv_prog_AWK=gawk
ac_cv_prog_CC=arm-rockchip830-linux-uclibcgnueabihf-gcc
ac_cv_prog_CC_BUILD=gcc
ac_cv_prog_CPP='arm-rockchip830-linux-uclibcgnueabihf-gcc -E'
ac_cv_prog_PYTHON=python3
ac_cv_prog_RANLIB=arm-rockchip830-linux-uclibcgnueabihf-ranlib
ac_cv_prog_STRIP=arm-rockchip830-linux-uclibcgnueabihf-strip
ac_cv_prog_ac_ct_MANIFEST_TOOL=mt
ac_cv_prog_ac_ct_OBJDUMP=objdump
ac_cv_prog_cc_c11=
ac_cv_prog_cc_g=yes
ac_cv_prog_cc_stdc=
ac_cv_prog_have_libpng=no
ac_cv_search_clock_gettime='none required'
ac_cv_sys_largefile_opts=-D_FILE_OFFSET_BITS=64
ac_cv_target=arm-unknown-linux-gnu
ax_cv_PTHREAD_CLANG=no
ax_cv_PTHREAD_JOINABLE_ATTR=PTHREAD_CREATE_JOINABLE
ax_cv_PTHREAD_PRIO_INHERIT=no
ax_cv_PTHREAD_SPECIAL_FLAGS=no
lt_cv_ar_at_file=@
lt_cv_deplibs_check_method=pass_all
lt_cv_file_magic_cmd='$MAGIC_CMD'
lt_cv_file_magic_test_file=
lt_cv_ld_reload_flag=-r
lt_cv_nm_interface='BSD nm'
lt_cv_objdir=.libs
lt_cv_path_LD=arm-rockchip830-linux-uclibcgnueabihf-ld
lt_cv_path_NM=arm-rockchip830-linux-uclibcgnueabihf-nm
lt_cv_path_mainfest_tool=no
lt_cv_prog_compiler_c_o=yes
lt_cv_prog_compiler_pic='-fPIC -DPIC'
lt_cv_prog_compiler_pic_works=yes
lt_cv_prog_compiler_rtti_exceptions=no
lt_cv_prog_compiler_static_works=yes
lt_cv_prog_gnu_ld=yes
lt_cv_sharedlib_from_linklib_cmd='printf %s\n'
lt_cv_shlibpath_overrides_runpath=no
lt_cv_sys_global_symbol_pipe='sed -n -e '\''s/^.*[	 ]\([ABCDGIRSTW][ABCDGIRSTW]*\)[	 ][	 ]*\([_A-Za-z][_A-Za-z0-9]*\)$/\1 \2 \2/p'\'' | sed '\''/ __gnu_lto/d'\'''
lt_cv_sys_global_symbol_to_c_name_address='sed -n -e '\''s/^: \(.*\) .*$/  {"\1", (void *) 0},/p'\'' -e '\''s/^[ABCDGIRSTW][ABCDGIRSTW]* .* \(.*\)$/  {"\1", (void *) \&\1},/p'\'''
lt_cv_sys_global_symbol_to_c_name_address_lib_prefix='sed -n -e '\''s/^: \(.*\) .*$/  {"\1", (void *) 0},/p'\'' -e '\''s/^[ABCDGIRSTW][ABCDGIRSTW]* .* \(lib.*\)$/  {"\1", (void *) \&\1},/p'\'' -e '\''s/^[ABCDGIRSTW][ABCDGIRSTW]* .* \(.*\)$/  {"lib\1", (void *) \&\1},/p'\'''
lt_cv_sys_global_symbol_to_cdecl='sed -n -e '\''s/^T .* \(.*\)$/extern int \1();/p'\'' -e '\''s/^[ABCDGIRSTW][ABCDGIRSTW]* .* \(.*\)$/extern char \1;/p'\'''
lt_cv_sys_global_symbol_to_import=
lt_cv_sys_max_cmd_len=1572864
lt_cv_to_host_file_cmd=func_convert_file_noop
lt_cv_to_tool_file_cmd=func_convert_file_noop
lt_cv_truncate_bin='/usr/bin/dd bs=4096 count=1'
pkg_cv_ZLIB_CFLAGS=
pkg_cv_ZLIB_LIBS=-lz

## ----------------- ##
## Output variables. ##
## ----------------- ##

AR='arm-rockchip830-linux-uclibcgnueabihf-ar'
AS='arm-rockchip830-linux-uclibcgnueabihf-as'
AWK='gawk'
BROTLI_CFLAGS=''
BROTLI_LIBS=''
BZIP2_CFLAGS=''
BZIP2_LIBS=''
CC='arm-rockchip830-linux-uclibcgnueabihf-gcc'
CC_BUILD='gcc'
CFLAGS='-g -O2 -fvisibility=hidden   -pthread'
CFLAGS_BUILD=''
CPP='arm-rockchip830-linux-uclibcgnueabihf-gcc -E'
CPPFLAGS='-I/home/miku/rv_build/staging/usr/include'
DEFS='-DHAVE_CONFIG_H'
DLLTOOL='false'
DSYMUTIL=''
DUMPBIN=''
ECHO_C=''
ECHO_N='-n'
ECHO_T=''
EGREP='/usr/bin/grep -E'
EXEEXT=''
EXEEXT_BUILD=''
FGREP='/usr/bin/grep -F'
FTSYS_SRC='$(PLATFORM_DIR)/ftsystem.c'
FT_DEMO_CFLAGS=''
FT_DEMO_LDFLAGS=''
GREP='/usr/bin/grep'
HARFBUZZ_CFLAGS=''
HARFBUZZ_LIBS=''
INSTALL_DATA='${INSTALL} -m 644'
INSTALL_FT2_CONFIG='FALSE'
INSTALL_PROGRAM='${INSTALL}'
INSTALL_SCRIPT='${INSTALL}'
LD='arm-rockchip830-linux-uclibcgnueabihf-ld'
LDFLAGS='-L/home/miku/rv_build/staging/usr/lib -lz  -pthread -lpthread'
LDFLAGS_BUILD=''
LIBOBJS=''
LIBPNG_CFLAGS=''
LIBPNG_LIBS=''
LIBRSVG_CFLAGS=''
LIBRSVG_LIBS=''
LIBS=''
LIBSSTATIC_CONFIG='-lfreetype -lz'
LIBTOOL='$(SHELL) $(top_builddir)/libtool'
LIPO=''
LN_S='ln -s'
LTLIBOBJS=''
LT_SYS_LIBRARY_PATH=''
MANIFEST_TOOL=':'
MKDIR_P='/usr/bin/mkdir -p'
NM='arm-rockchip830-linux-uclibcgnueabihf-nm'
NMEDIT=''
OBJDUMP='objdump'
OBJEXT='o'
OTOOL64=''
OTOOL=''
PACKAGE_BUGREPORT='freetype@nongnu.org'
PACKAGE_NAME='FreeType'
PACKAGE_STRING='FreeType 2.14.1'
PACKAGE_TARNAME='freetype'
PACKAGE_URL=''
PACKAGE_VERSION='2.14.1'
PATH_SEPARATOR=':'
PKGCONFIG_LIBS='-L${libdir} -lfreetype '
PKGCONFIG_LIBS_PRIVATE=''
PKGCONFIG_REQUIRES=' zlib'
PKGCONFIG_REQUIRES_PRIVATE=''
PKG_CONFIG='/usr/bin/pkg-config'
PKG_CONFIG_LIBDIR=''
PKG_CONFIG_PATH='/home/miku/rv_build/staging/usr/lib/pkgconfig'
PTHREAD_CC='arm-rockchip830-linux-uclibcgnueabihf-gcc'
PTHREAD_CFLAGS='-pthread'
PTHREAD_CXX='arm-rockchip830-linux-uclibcgnueabihf-g++'
PTHREAD_LIBS='-lpthread'
PYTHON='python3'
PYTHON_VERSION='3.8.10'
RANLIB='arm-rockchip830-linux-uclibcgnueabihf-ranlib'
RC=''
SED='/usr/bin/sed'
SHELL='/bin/bash'
STRIP='arm-rockchip830-linux-uclibcgnueabihf-strip'
SYSTEM_ZLIB='yes'
XX_ANSIFLAGS=' -pedantic -std=c99'
XX_CFLAGS='-Wall'
ZLIB_CFLAGS=''
ZLIB_LIBS='-lz'
ac_ct_AR=''
ac_ct_CC=''
ac_ct_DUMPBIN=''
ax_pthread_config=''
bindir='${exec_prefix}/bin'
build='x86_64-pc-linux-uclibc'
build_alias=''
build_cpu='x86_64'
build_libtool_libs=''
build_os='linux-uclibc'
build_vendor='pc'
datadir='${datarootdir}'
datarootdir='${prefix}/share'
docdir='${datarootdir}/doc/${PACKAGE_TARNAME}'
dvidir='${docdir}'
exec_prefix='${prefix}'
ft_version='26.4.20'
ftmac_c=''
hardcode_libdir_flag_spec='$wl-rpath $wl$libdir'
have_libpng='no'
host='arm-unknown-linux-gnu'
host_alias='arm-linux'
host_cpu='arm'
host_os='linux-gnu'
host_vendor='unknown'
htmldir='${docdir}'
includedir='${prefix}/include'
infodir='${datarootdir}/info'
libdir='${exec_prefix}/lib'
libexecdir='${exec_prefix}/libexec'
localedir='${datarootdir}/locale'
localstatedir='${prefix}/var'
mandir='${datarootdir}/man'
oldincludedir='/usr/include'
pdfdir='${docdir}'
prefix='/usr'
program_transform_name='s,x,x,'
psdir='${docdir}'
runstatedir='${localstatedir}/run'
sbindir='${exec_prefix}/sbin'
sharedstatedir='${prefix}/com'
sysconfdir='${prefix}/etc'
target='arm-unknown-linux-gnu'
target_alias=''
target_cpu='arm'
target_os='linux-gnu'
target_vendor='unknown'
version_info='26:4:20'
wl='-Wl,'

## ----------- ##
## confdefs.h. ##
## ----------- ##

/* confdefs.h */
#define PACKAGE_NAME "FreeType"
#define PACKAGE_TARNAME "freetype"
#define PACKAGE_VERSION "2.14.1"
#define PACKAGE_STRING "FreeType 2.14.1"
#define PACKAGE_BUGREPORT "freetype@nongnu.org"
#define PACKAGE_URL ""
#define HAVE_STDIO_H 1
#define HAVE_STDLIB_H 1
#define HAVE_STRING_H 1
#define HAVE_INTTYPES_H 1
#define HAVE_STDINT_H 1
#define HAVE_STRINGS_H 1
#define HAVE_SYS_STAT_H 1
#define HAVE_SYS_TYPES_H 1
#define HAVE_UNISTD_H 1
#define HAVE_SYS_PARAM_H 1
#define STDC_HEADERS 1
#define HAVE_DLFCN_H 1
#define LT_OBJDIR ".libs/"
#define HAVE_FCNTL_H 1
#define HAVE_UNISTD_H 1
#define _FILE_OFFSET_BITS 64
#define HAVE_GETPAGESIZE 1
#define HAVE_MMAP 1
#define HAVE_DECL_MUNMAP 1
#define MUNMAP_USES_VOIDP /**/

configure: exit 0
